[0, 7, 5, 1, 0, 2];0.97276884
[1, 7, 1, 0, 2, 2];0.6435656
[2, 5, 9, 2, 0, 5];0.47284806
[0, 6, 3, 0, 3, 1];0.16783303
[2, 1, 4, 2, 3, 4];0.2183354
[1, 5, 8, 0, 2, 3];0.52020615
[2, 3, 3, 1, 1, 2];0.4491012
[1, 8, 8, 2, 1, 6];0.49392536
[1, 1, 1, 1, 3, 1];0.56735235
[1, 5, 5, 0, 6, 7];0.87745863
