[0, 2];0.06107054
[5, 3];0.8307238
[1, 2];0.30455512
[0, 2];0.06107054
[3, 3];0.83455706
[1, 3];0.8144237
[6, 3];0.41376495
[4, 3];0.66181475
[2, 2];0.993627
[5, 3];0.8307238
