[0, 1];0.8847347
[8, 0];0.69276917
[1, 1];0.030940492
[9, 1];0.55945206
[6, 0];0.20688117
[1, 1];0.030940492
[9, 1];0.55945206
[0, 1];0.8847347
[1, 1];0.030940492
[8, 0];0.69276917
