[5];0.4285535
[4];0.22080734
[2];0.6377258
[4];0.22080734
[5];0.4285535
[3];0.0872299
[0];0.3329718
[1];0.6420706
[0];0.3329718
[2];0.6377258
