[2, 1, 2, 2, 2];0.74825364
[3, 3, 1, 1, 2];0.5888085
[6, 1, 2, 4, 1];0.9407605
[5, 2, 0, 0, 0];0.53439873
[3, 0, 1, 2, 0];0.7763096
[4, 2, 1, 4, 0];0.085321665
[0, 0, 2, 2, 1];0.8807839
[6, 3, 0, 1, 1];0.86623645
[1, 3, 2, 4, 2];0.39274174
[6, 3, 2, 0, 2];0.7909973
