[1, 4, 1, 1];0.08463018
[9, 4, 0, 1];0.39727968
[3, 8, 2, 0];0.7774228
[9, 8, 1, 1];0.590698
[5, 3, 1, 1];0.09106442
[8, 2, 2, 0];0.89381343
[1, 0, 1, 1];0.07621017
[0, 8, 1, 0];0.7200721
[3, 6, 0, 1];0.5580023
[7, 2, 1, 0];0.32221943
