[2, 2, 1, 2, 4, 1];0.7089955
[3, 7, 0, 1, 6, 4];0.7264858
[1, 6, 2, 1, 2, 1];0.2881652
[2, 6, 5, 0, 7, 6];0.78513324
[0, 4, 1, 2, 3, 2];0.26947218
[0, 3, 3, 0, 0, 1];0.14240332
[2, 8, 1, 0, 2, 4];0.86566144
[0, 0, 1, 1, 1, 4];0.22933696
[2, 4, 1, 2, 3, 3];0.550746
[3, 0, 5, 2, 5, 1];0.71789306
