[4, 1, 1, 3, 2];0.22711672
[2, 0, 4, 2, 0];0.41344252
[0, 2, 4, 1, 2];0.8767491
[5, 1, 5, 0, 3];0.11100835
[5, 0, 4, 2, 1];0.37642464
[1, 2, 0, 0, 2];0.8245086
[4, 1, 4, 0, 0];0.6798032
[4, 2, 4, 2, 0];0.9194251
[3, 1, 4, 0, 0];0.7070938
[6, 1, 5, 0, 0];0.64307165
