[2, 3, 3, 5, 1, 0];0.5386997
[5, 1, 2, 6, 1, 1];0.73302007
[3, 2, 0, 3, 0, 1];0.32550046
[4, 4, 4, 6, 0, 1];0.7432594
[4, 2, 3, 4, 4, 0];0.6275428
[5, 5, 2, 1, 2, 1];0.7688274
[4, 5, 4, 4, 0, 0];0.79189205
[0, 4, 1, 0, 2, 1];0.9167542
[3, 5, 3, 7, 2, 1];0.34787822
[0, 3, 1, 5, 3, 1];0.7034194
