[0, 1, 1, 8, 1];0.9935944
[0, 0, 2, 2, 0];0.29460815
[1, 3, 0, 1, 1];0.62293583
[0, 2, 0, 4, 1];0.7186806
[1, 2, 1, 6, 0];0.16019058
[0, 0, 1, 8, 1];0.6034004
[1, 4, 1, 6, 1];0.9919699
[0, 1, 2, 6, 1];0.7827076
[0, 4, 2, 0, 1];0.016166456
[0, 2, 2, 4, 1];0.9714081
