[0, 0, 4];0.6226943
[0, 4, 6];0.6048426
[2, 0, 4];0.3120626
[0, 1, 5];0.9371664
[1, 5, 0];0.88583803
[3, 0, 2];0.8686505
[1, 6, 6];0.0048094676
[0, 1, 1];0.7776494
[0, 1, 5];0.9371664
[0, 6, 3];0.63881856
