[7, 3, 0, 3];0.44269556
[3, 1, 1, 7];0.8192177
[5, 3, 0, 5];0.7027725
[3, 2, 0, 3];0.75570714
[4, 0, 0, 6];0.10582725
[3, 0, 1, 1];0.6247023
[3, 2, 1, 8];0.71194285
[7, 1, 0, 4];0.930653
[4, 2, 1, 5];0.9928642
[3, 0, 0, 8];0.80346406
