[3, 0, 2, 1];0.032201234
[5, 0, 0, 5];0.14015904
[5, 1, 3, 0];0.3281632
[0, 0, 1, 6];0.2927629
[0, 1, 3, 7];0.16639814
[3, 0, 4, 7];0.9211728
[2, 0, 3, 3];0.67140305
[7, 0, 4, 8];0.4540026
[5, 1, 3, 3];0.9669822
[1, 0, 4, 3];0.3904897
